
C:\Users\Embedded Lab>d:

D:\>dir
 Volume in drive D is Students Data
 Volume Serial Number is C349-90D0

 Directory of D:\

10/26/2021  02:21 AM    <DIR>          2022
10/12/2022  01:22 PM    <DIR>          git
10/12/2022  09:34 PM    <DIR>          itwork
02/20/2022  04:38 PM            12,767 New Project.pdsprj
02/20/2022  04:38 PM    <DIR>          Project Backups
               1 File(s)         12,767 bytes
               4 Dir(s)  157,183,991,808 bytes free

D:\>cd git

D:\git>cd ..

D:\>cd it work
The system cannot find the path specified.

D:\>cd itwork

D:\itwork>git status
fatal: not a git repository (or any of the parent directories): .git

D:\itwork>git init
Initialized empty Git repository in D:/itwork/.git/

D:\itwork>git status
On branch master

No commits yet

Untracked files:
  (use "git add <file>..." to include in what will be committed)
        command.txt

nothing added to commit but untracked files present (use "git add" to track)

D:\itwork>git add .

D:\itwork>git status
On branch master

No commits yet

Changes to be committed:
  (use "git rm --cached <file>..." to unstage)
        new file:   command.txt


D:\itwork>git status
On branch master

No commits yet

Changes to be committed:
  (use "git rm --cached <file>..." to unstage)
        new file:   command.txt

Changes not staged for commit:
  (use "git add <file>..." to update what will be committed)
  (use "git restore <file>..." to discard changes in working directory)
        modified:   command.txt


D:\itwork>git add .

D:\itwork>git status
On branch master

No commits yet

Changes to be committed:
  (use "git rm --cached <file>..." to unstage)
        new file:   command.txt


D:\itwork>q
'q' is not recognized as an internal or external command,
operable program or batch file.

D:\itwork>q